error: 
  # unable to fetch the response from the backend: malformed MIME header: missing colon: %!!(MISSING)q(MISSING)#4 {main}
solution:
  missing .env
error: 
   Uncaught Error: Class 'Vich\UploaderBundle\VichUploaderBundle' not found (wanneer gehaald van github en niet lokaal is geinstalleerd)
solution:
  php bin/console doctrine:schema:update --force 
error: 
  Unable to find template "@WebProfiler" (looked into: C:\xampp\htdocs\. (oorzaak refactor heeft de extensies aangepast)
solution:
  handmatig alle .twig templates wijzigen
error: 
  Case mismatch between loaded and declared class names: "App\Entity\user" vs "App\Entity\User".
solution:
  opnieuw het project opbouwen    !!ALTIJD MET EEN HOOFDLETTER BEGINNEN!!
error: 
  An exception has been thrown during the rendering of a template ("Notice: Array to string conversion").
solution:
 {% for role in user.roles %}
     {{ role }} &nbsp;
 {% endfor %}
error: 
  Fatal Error: Object of class could not be converted to string
solution:
  public function __toString() 
  {
      return (string) $this->name; 
  }
